// Jest Snapshot v1, https://goo.gl/fbAQLP

exports[`Counter Test getCounter test 1`] = `1`;
